// Jest Snapshot v1, https://goo.gl/fbAQLP

exports[`<Footer /> should render heading 1`] = `
.c0 {
  background: #FFFFFF;
}

<div
  class="c0"
>
  <h1>
     Footer 
  </h1>
</div>
`;
